{
  "version": "1.5.0",
  "plugins_used": [
    {
      "name": "ArtifactoryDetector"
    },
    {
      "name": "AWSKeyDetector"
    },
    {
      "name": "AzureStorageKeyDetector"
    },
    {
      "name": "Base64HighEntropyString",
      "limit": 4.5
    },
    {
      "name": "BasicAuthDetector"
    },
    {
      "name": "CloudantDetector"
    },
    {
      "name": "DiscordBotTokenDetector"
    },
    {
      "name": "GitHubTokenDetector"
    },
    {
      "name": "GitLabTokenDetector"
    },
    {
      "name": "HexHighEntropyString",
      "limit": 3.0
    },
    {
      "name": "IbmCloudIamDetector"
    },
    {
      "name": "IbmCosHmacDetector"
    },
    {
      "name": "IPPublicDetector"
    },
    {
      "name": "JwtTokenDetector"
    },
    {
      "name": "KeywordDetector",
      "keyword_exclude": ""
    },
    {
      "name": "MailchimpDetector"
    },
    {
      "name": "NpmDetector"
    },
    {
      "name": "OpenAIDetector"
    },
    {
      "name": "PrivateKeyDetector"
    },
    {
      "name": "PypiTokenDetector"
    },
    {
      "name": "SendGridDetector"
    },
    {
      "name": "SlackDetector"
    },
    {
      "name": "SoftlayerDetector"
    },
    {
      "name": "SquareOAuthDetector"
    },
    {
      "name": "StripeDetector"
    },
    {
      "name": "TelegramBotTokenDetector"
    },
    {
      "name": "TwilioKeyDetector"
    }
  ],
  "filters_used": [
    {
      "path": "detect_secrets.filters.allowlist.is_line_allowlisted"
    },
    {
      "path": "detect_secrets.filters.common.is_ignored_due_to_verification_policies",
      "min_level": 2
    },
    {
      "path": "detect_secrets.filters.heuristic.is_indirect_reference"
    },
    {
      "path": "detect_secrets.filters.heuristic.is_likely_id_string"
    },
    {
      "path": "detect_secrets.filters.heuristic.is_lock_file"
    },
    {
      "path": "detect_secrets.filters.heuristic.is_not_alphanumeric_string"
    },
    {
      "path": "detect_secrets.filters.heuristic.is_potential_uuid"
    },
    {
      "path": "detect_secrets.filters.heuristic.is_prefixed_with_dollar_sign"
    },
    {
      "path": "detect_secrets.filters.heuristic.is_sequential_string"
    },
    {
      "path": "detect_secrets.filters.heuristic.is_swagger_file"
    },
    {
      "path": "detect_secrets.filters.heuristic.is_templated_secret"
    }
  ],
  "results": {
    "tests/integration/test_integration.py": [
      {
        "type": "Secret Keyword",
        "filename": "tests/integration/test_integration.py",
        "hashed_secret": "018272c071582b2e8497546be539c1600fa57f20",
        "is_verified": false,
        "line_number": 167
      }
    ],
    "tests/unit/test_anthropic_direct.py": [
      {
        "type": "Secret Keyword",
        "filename": "tests/unit/test_anthropic_direct.py",
        "hashed_secret": "dd65c1b4b3e66e765523873bd29cf5d6d6838189",
        "is_verified": false,
        "line_number": 139
      },
      {
        "type": "Secret Keyword",
        "filename": "tests/unit/test_anthropic_direct.py",
        "hashed_secret": "27254b1c7359edec6b6a7eb57adcec443071a9cd",
        "is_verified": false,
        "line_number": 164
      }
    ],
    "tests/unit/test_conversion.py": [
      {
        "type": "Secret Keyword",
        "filename": "tests/unit/test_conversion.py",
        "hashed_secret": "c70a2b744325c17b4c88f9c868d5f3db87ce6955",
        "is_verified": false,
        "line_number": 246
      }
    ],
    "tests/unit/test_desktop.py": [
      {
        "type": "Secret Keyword",
        "filename": "tests/unit/test_desktop.py",
        "hashed_secret": "e375a90818a7578c595f70b238f3b9e042f46a78",
        "is_verified": false,
        "line_number": 63
      }
    ],
    "tests/unit/test_routed_call.py": [
      {
        "type": "Secret Keyword",
        "filename": "tests/unit/test_routed_call.py",
        "hashed_secret": "d26d087c76eada3926edba0d7f6be466d5a049c1",
        "is_verified": false,
        "line_number": 291
      },
      {
        "type": "Secret Keyword",
        "filename": "tests/unit/test_routed_call.py",
        "hashed_secret": "3d4148ab074c63bc5f4456550c70be1e767279c5",
        "is_verified": false,
        "line_number": 468
      },
      {
        "type": "Secret Keyword",
        "filename": "tests/unit/test_routed_call.py",
        "hashed_secret": "975a89daa1f63fb7c1207e737575da4e922a1458",
        "is_verified": false,
        "line_number": 493
      }
    ],
    "tests/unit/test_server.py": [
      {
        "type": "Secret Keyword",
        "filename": "tests/unit/test_server.py",
        "hashed_secret": "018272c071582b2e8497546be539c1600fa57f20",
        "is_verified": false,
        "line_number": 232
      }
    ]
  },
  "generated_at": "2026-06-13T23:56:56Z"
}
